1|11|50000|02390665|1150000|Washington|Washington city|25|C5|||G4110|N|158316184|18709787|+38.9042474|-077.0165167
aland|
awater|
classfp|2
funcstat|1
geoid|7
gid|
intptlat|11
intptlon|12
lsad|2
mtfcc|5
name|100
namelsad|100
pcicbsa|
pcinecta|
placefp|5
placens|8
statefp|2
